src/config/prisma.ts(1,10): error TS2305: Module '"@prisma/client"' has no exported member 'PrismaClient'.
src/modules/repairs/repairs.service.ts(2,15): error TS2305: Module '"@prisma/client"' has no exported member 'EstadoTicket'.
src/modules/users/users.service.ts(5,15): error TS2305: Module '"@prisma/client"' has no exported member 'RolUsuario'.
src/modules/users/users.service.ts(5,27): error TS2305: Module '"@prisma/client"' has no exported member 'TipoContrato'.
